2025-05-28 17:08:11 - my_app - INFO - Завершение работы приложения... - [main.py:35]
2025-05-28 17:08:15 - my_app - INFO - Начало работы приложения... - [main.py:33]
2025-05-28 17:10:58 - my_app - INFO - Завершение работы приложения... - [main.py:35]
2025-05-28 17:11:02 - my_app - INFO - Начало работы приложения... - [main.py:33]
2025-05-28 17:13:44 - my_app - INFO - Завершение работы приложения... - [main.py:35]
2025-05-28 17:13:48 - my_app - INFO - Начало работы приложения... - [main.py:33]
2025-05-28 17:16:28 - my_app - INFO - Завершение работы приложения... - [main.py:35]
2025-05-28 17:16:32 - my_app - INFO - Начало работы приложения... - [main.py:33]
2025-05-28 17:21:44 - my_app - INFO - Завершение работы приложения... - [main.py:35]
2025-05-28 17:21:48 - my_app - INFO - Начало работы приложения... - [main.py:33]
2025-05-28 17:26:49 - my_app - INFO - Завершение работы приложения... - [main.py:35]
2025-05-28 17:26:54 - my_app - INFO - Начало работы приложения... - [main.py:33]
2025-05-28 17:29:40 - my_app - INFO - Завершение работы приложения... - [main.py:35]
2025-05-28 18:05:34 - my_app - INFO - Начало работы приложения... - [main.py:33]
2025-05-28 18:06:42 - my_app - ERROR - Ошибка при поиске всех записей по фильтрам {}: Could not determine join condition between parent/child tables on relationship AssistantMessagesOrm.assistant_chat - there are no foreign keys linking these tables.  Ensure that referencing columns are associated with a ForeignKey or ForeignKeyConstraint, or specify a 'primaryjoin' expression. - [base_repository.py:62]
2025-05-28 18:08:46 - my_app - INFO - Начало работы приложения... - [main.py:33]
2025-05-28 18:17:48 - my_app - INFO - Authorization header: None - [validation.py:259]
2025-05-28 18:18:49 - my_app - INFO - Authorization header: Bearer eyJhbGciOiJSUzI1NiIsInR5cCI6IkpXVCJ9.eyJ0eXBlIjoiYWNjZXNzIiwic3ViIjoiMiIsImVtYWlsIjoiZmVkb3Iudm9sb3NuZXZAeWFuZGV4LnJ1Iiwicm9sZSI6InN0dWRlbnQiLCJleHAiOjE3NDg0NTk5MDQsImlhdCI6MTc0ODQ1NjMwNCwianRpIjoiZTY5Y2M1ZmMtMmZmNi00Y2M2LThjODMtZTA3NmVhMjdjZmE4In0.oip8OW3Y_2-quKt4cvkUbNXXtt0IMMIN-w1IHretWq4r2ZJvmCHCiFALgnM7fuel4I6TVcgBbop9Suky_wWumc-e-zFq49eaTkqRDtKmOWEwjRyXO7MPHFtRbL52bBm6xpY1fv0C_QJGRFwPQbppCEVkebz1FSK9hJbUB5K5177Fdvz3-PSUJcC3c2FQVwvTfU3OfovZhm79ucbYasGtDNXPXKlxnDtekZpL1GdoUpyUm0cGA049fZ27wejDv6yMAVi6HA_t23QS38WW2SZWnW3sKOWZ-eNq-w2BvCv7c1HA96_glUY8WZi7m8JcynK-PAA8KuIuAniK5RAw25tpGw - [validation.py:259]
2025-05-28 18:18:49 - my_app - INFO - Current user: 2 - [validation.py:238]
2025-05-28 18:21:02 - my_app - INFO - Завершение работы приложения... - [main.py:35]
2025-05-28 18:21:06 - my_app - INFO - Начало работы приложения... - [main.py:33]
2025-05-28 18:26:05 - my_app - INFO - Завершение работы приложения... - [main.py:35]
2025-05-28 18:28:54 - my_app - INFO - Начало работы приложения... - [main.py:33]
2025-05-28 18:31:11 - my_app - INFO - Начало работы приложения... - [main.py:33]
2025-05-28 18:31:20 - my_app - INFO - Authorization header: Bearer eyJhbGciOiJSUzI1NiIsInR5cCI6IkpXVCJ9.eyJ0eXBlIjoiYWNjZXNzIiwic3ViIjoiMiIsImVtYWlsIjoiZmVkb3Iudm9sb3NuZXZAeWFuZGV4LnJ1Iiwicm9sZSI6InN0dWRlbnQiLCJleHAiOjE3NDg0NjAyODAsImlhdCI6MTc0ODQ1NjY4MCwianRpIjoiOTE3MmI3MjMtMDIxNS00ZTlmLWI3YTItMTQ4OTdhOGVjMDUzIn0.P9dWI1xDfFFY4OuHRWbo9Yg0KhxBjp3QW4wmTXAzyA7mdMAJAgpD4ZTBfv6WrsrrnI77P_oOUenArQjeDAGeYTBhJt3J3K6rvkJb0ioRgqsC4D-kmpnU5V_67HvDUYbEfm1wTOgXo3gJ9d_k5xa7JMi4JyeLC3ymygUJXrUxK-wTzWN1aJzlsgaCsmAJcOtWC4jsfOUJRObAbeG-xWtN3arrcC8tPIzo4RShfShRe2_4IYChx980p7f7E6hLFHuCk1OAOzY6l--L1VBiOhun1WxmMbCXPunyWhQQc7XC2mf7t_J1w4xXIPw2qOk3kxH7v1WWGx6qJYyGr2eoadDE1w - [validation.py:259]
2025-05-28 18:31:20 - my_app - INFO - Current user: 2 - [validation.py:238]
2025-05-28 18:31:32 - my_app - INFO - Authorization header: Bearer eyJhbGciOiJSUzI1NiIsInR5cCI6IkpXVCJ9.eyJ0eXBlIjoiYWNjZXNzIiwic3ViIjoiMiIsImVtYWlsIjoiZmVkb3Iudm9sb3NuZXZAeWFuZGV4LnJ1Iiwicm9sZSI6InN0dWRlbnQiLCJleHAiOjE3NDg0NjAyODAsImlhdCI6MTc0ODQ1NjY4MCwianRpIjoiOTE3MmI3MjMtMDIxNS00ZTlmLWI3YTItMTQ4OTdhOGVjMDUzIn0.P9dWI1xDfFFY4OuHRWbo9Yg0KhxBjp3QW4wmTXAzyA7mdMAJAgpD4ZTBfv6WrsrrnI77P_oOUenArQjeDAGeYTBhJt3J3K6rvkJb0ioRgqsC4D-kmpnU5V_67HvDUYbEfm1wTOgXo3gJ9d_k5xa7JMi4JyeLC3ymygUJXrUxK-wTzWN1aJzlsgaCsmAJcOtWC4jsfOUJRObAbeG-xWtN3arrcC8tPIzo4RShfShRe2_4IYChx980p7f7E6hLFHuCk1OAOzY6l--L1VBiOhun1WxmMbCXPunyWhQQc7XC2mf7t_J1w4xXIPw2qOk3kxH7v1WWGx6qJYyGr2eoadDE1w - [validation.py:259]
2025-05-28 18:31:32 - my_app - INFO - Current user: 2 - [validation.py:238]
